stdlib
VfL Bochum 1848
stdlib
VfL Bochum 1848
stdlib
VfL Bochum 1848
stdlib
VfL Bochum 1848
