failed for 10 bytes
failed for 20 bytes
failed for 30 bytes
failed for 16 bytes
not stdlib
